###############################################################################
#
# IAR ELF Linker V7.30.1.7746/W32 for ARM                 09/Oct/2014  17:42:09
# Copyright 2007-2014 IAR Systems AB.
#
#    Output file  =  
#        C:\Users\Jerzy\Documents\Politechnika\Magisterka\workspace_eMPL\simplification_A\eMPL_simplification_A\Projects\eMD6\EWARM\STM32L-DISCOVERY-EMPL\Exe\STM32L152-EVAL.out
#    Map file     =  
#        C:\Users\Jerzy\Documents\Politechnika\Magisterka\workspace_eMPL\simplification_A\eMPL_simplification_A\Projects\eMD6\EWARM\STM32L-DISCOVERY-EMPL\List\STM32L152-EVAL.map
#    Command line =  
#        C:\Users\Jerzy\Documents\Politechnika\Magisterka\workspace_eMPL\simplification_A\eMPL_simplification_A\Projects\eMD6\EWARM\STM32L-DISCOVERY-EMPL\Obj\core_cm3.o
#        C:\Users\Jerzy\Documents\Politechnika\Magisterka\workspace_eMPL\simplification_A\eMPL_simplification_A\Projects\eMD6\EWARM\STM32L-DISCOVERY-EMPL\Obj\data_builder.o
#        C:\Users\Jerzy\Documents\Politechnika\Magisterka\workspace_eMPL\simplification_A\eMPL_simplification_A\Projects\eMD6\EWARM\STM32L-DISCOVERY-EMPL\Obj\eMPL_outputs.o
#        C:\Users\Jerzy\Documents\Politechnika\Magisterka\workspace_eMPL\simplification_A\eMPL_simplification_A\Projects\eMD6\EWARM\STM32L-DISCOVERY-EMPL\Obj\gpio.o
#        C:\Users\Jerzy\Documents\Politechnika\Magisterka\workspace_eMPL\simplification_A\eMPL_simplification_A\Projects\eMD6\EWARM\STM32L-DISCOVERY-EMPL\Obj\hal_outputs.o
#        C:\Users\Jerzy\Documents\Politechnika\Magisterka\workspace_eMPL\simplification_A\eMPL_simplification_A\Projects\eMD6\EWARM\STM32L-DISCOVERY-EMPL\Obj\i2c.o
#        C:\Users\Jerzy\Documents\Politechnika\Magisterka\workspace_eMPL\simplification_A\eMPL_simplification_A\Projects\eMD6\EWARM\STM32L-DISCOVERY-EMPL\Obj\inv_mpu.o
#        C:\Users\Jerzy\Documents\Politechnika\Magisterka\workspace_eMPL\simplification_A\eMPL_simplification_A\Projects\eMD6\EWARM\STM32L-DISCOVERY-EMPL\Obj\inv_mpu_dmp_motion_driver.o
#        C:\Users\Jerzy\Documents\Politechnika\Magisterka\workspace_eMPL\simplification_A\eMPL_simplification_A\Projects\eMD6\core\mpl\libmpllib.a
#        C:\Users\Jerzy\Documents\Politechnika\Magisterka\workspace_eMPL\simplification_A\eMPL_simplification_A\Projects\eMD6\EWARM\STM32L-DISCOVERY-EMPL\Obj\log_stm32l.o
#        C:\Users\Jerzy\Documents\Politechnika\Magisterka\workspace_eMPL\simplification_A\eMPL_simplification_A\Projects\eMD6\EWARM\STM32L-DISCOVERY-EMPL\Obj\main.o
#        C:\Users\Jerzy\Documents\Politechnika\Magisterka\workspace_eMPL\simplification_A\eMPL_simplification_A\Projects\eMD6\EWARM\STM32L-DISCOVERY-EMPL\Obj\message_layer.o
#        C:\Users\Jerzy\Documents\Politechnika\Magisterka\workspace_eMPL\simplification_A\eMPL_simplification_A\Projects\eMD6\EWARM\STM32L-DISCOVERY-EMPL\Obj\misc.o
#        C:\Users\Jerzy\Documents\Politechnika\Magisterka\workspace_eMPL\simplification_A\eMPL_simplification_A\Projects\eMD6\EWARM\STM32L-DISCOVERY-EMPL\Obj\ml_math_func.o
#        C:\Users\Jerzy\Documents\Politechnika\Magisterka\workspace_eMPL\simplification_A\eMPL_simplification_A\Projects\eMD6\EWARM\STM32L-DISCOVERY-EMPL\Obj\mlmath.o
#        C:\Users\Jerzy\Documents\Politechnika\Magisterka\workspace_eMPL\simplification_A\eMPL_simplification_A\Projects\eMD6\EWARM\STM32L-DISCOVERY-EMPL\Obj\mpl.o
#        C:\Users\Jerzy\Documents\Politechnika\Magisterka\workspace_eMPL\simplification_A\eMPL_simplification_A\Projects\eMD6\EWARM\STM32L-DISCOVERY-EMPL\Obj\results_holder.o
#        C:\Users\Jerzy\Documents\Politechnika\Magisterka\workspace_eMPL\simplification_A\eMPL_simplification_A\Projects\eMD6\EWARM\STM32L-DISCOVERY-EMPL\Obj\start_manager.o
#        C:\Users\Jerzy\Documents\Politechnika\Magisterka\workspace_eMPL\simplification_A\eMPL_simplification_A\Projects\eMD6\EWARM\STM32L-DISCOVERY-EMPL\Obj\startup_stm32l1xx_md.o
#        C:\Users\Jerzy\Documents\Politechnika\Magisterka\workspace_eMPL\simplification_A\eMPL_simplification_A\Projects\eMD6\EWARM\STM32L-DISCOVERY-EMPL\Obj\stm32l1xx_adc.o
#        C:\Users\Jerzy\Documents\Politechnika\Magisterka\workspace_eMPL\simplification_A\eMPL_simplification_A\Projects\eMD6\EWARM\STM32L-DISCOVERY-EMPL\Obj\stm32l1xx_comp.o
#        C:\Users\Jerzy\Documents\Politechnika\Magisterka\workspace_eMPL\simplification_A\eMPL_simplification_A\Projects\eMD6\EWARM\STM32L-DISCOVERY-EMPL\Obj\stm32l1xx_crc.o
#        C:\Users\Jerzy\Documents\Politechnika\Magisterka\workspace_eMPL\simplification_A\eMPL_simplification_A\Projects\eMD6\EWARM\STM32L-DISCOVERY-EMPL\Obj\stm32l1xx_dac.o
#        C:\Users\Jerzy\Documents\Politechnika\Magisterka\workspace_eMPL\simplification_A\eMPL_simplification_A\Projects\eMD6\EWARM\STM32L-DISCOVERY-EMPL\Obj\stm32l1xx_dbgmcu.o
#        C:\Users\Jerzy\Documents\Politechnika\Magisterka\workspace_eMPL\simplification_A\eMPL_simplification_A\Projects\eMD6\EWARM\STM32L-DISCOVERY-EMPL\Obj\stm32l1xx_dma.o
#        C:\Users\Jerzy\Documents\Politechnika\Magisterka\workspace_eMPL\simplification_A\eMPL_simplification_A\Projects\eMD6\EWARM\STM32L-DISCOVERY-EMPL\Obj\stm32l1xx_exti.o
#        C:\Users\Jerzy\Documents\Politechnika\Magisterka\workspace_eMPL\simplification_A\eMPL_simplification_A\Projects\eMD6\EWARM\STM32L-DISCOVERY-EMPL\Obj\stm32l1xx_flash.o
#        C:\Users\Jerzy\Documents\Politechnika\Magisterka\workspace_eMPL\simplification_A\eMPL_simplification_A\Projects\eMD6\EWARM\STM32L-DISCOVERY-EMPL\Obj\stm32l1xx_flash_ramfunc.o
#        C:\Users\Jerzy\Documents\Politechnika\Magisterka\workspace_eMPL\simplification_A\eMPL_simplification_A\Projects\eMD6\EWARM\STM32L-DISCOVERY-EMPL\Obj\stm32l1xx_gpio.o
#        C:\Users\Jerzy\Documents\Politechnika\Magisterka\workspace_eMPL\simplification_A\eMPL_simplification_A\Projects\eMD6\EWARM\STM32L-DISCOVERY-EMPL\Obj\stm32l1xx_i2c.o
#        C:\Users\Jerzy\Documents\Politechnika\Magisterka\workspace_eMPL\simplification_A\eMPL_simplification_A\Projects\eMD6\EWARM\STM32L-DISCOVERY-EMPL\Obj\stm32l1xx_it.o
#        C:\Users\Jerzy\Documents\Politechnika\Magisterka\workspace_eMPL\simplification_A\eMPL_simplification_A\Projects\eMD6\EWARM\STM32L-DISCOVERY-EMPL\Obj\stm32l1xx_iwdg.o
#        C:\Users\Jerzy\Documents\Politechnika\Magisterka\workspace_eMPL\simplification_A\eMPL_simplification_A\Projects\eMD6\EWARM\STM32L-DISCOVERY-EMPL\Obj\stm32l1xx_lcd.o
#        C:\Users\Jerzy\Documents\Politechnika\Magisterka\workspace_eMPL\simplification_A\eMPL_simplification_A\Projects\eMD6\EWARM\STM32L-DISCOVERY-EMPL\Obj\stm32l1xx_pwr.o
#        C:\Users\Jerzy\Documents\Politechnika\Magisterka\workspace_eMPL\simplification_A\eMPL_simplification_A\Projects\eMD6\EWARM\STM32L-DISCOVERY-EMPL\Obj\stm32l1xx_rcc.o
#        C:\Users\Jerzy\Documents\Politechnika\Magisterka\workspace_eMPL\simplification_A\eMPL_simplification_A\Projects\eMD6\EWARM\STM32L-DISCOVERY-EMPL\Obj\stm32l1xx_rtc.o
#        C:\Users\Jerzy\Documents\Politechnika\Magisterka\workspace_eMPL\simplification_A\eMPL_simplification_A\Projects\eMD6\EWARM\STM32L-DISCOVERY-EMPL\Obj\stm32l1xx_spi.o
#        C:\Users\Jerzy\Documents\Politechnika\Magisterka\workspace_eMPL\simplification_A\eMPL_simplification_A\Projects\eMD6\EWARM\STM32L-DISCOVERY-EMPL\Obj\stm32l1xx_syscfg.o
#        C:\Users\Jerzy\Documents\Politechnika\Magisterka\workspace_eMPL\simplification_A\eMPL_simplification_A\Projects\eMD6\EWARM\STM32L-DISCOVERY-EMPL\Obj\stm32l1xx_tim.o
#        C:\Users\Jerzy\Documents\Politechnika\Magisterka\workspace_eMPL\simplification_A\eMPL_simplification_A\Projects\eMD6\EWARM\STM32L-DISCOVERY-EMPL\Obj\stm32l1xx_usart.o
#        C:\Users\Jerzy\Documents\Politechnika\Magisterka\workspace_eMPL\simplification_A\eMPL_simplification_A\Projects\eMD6\EWARM\STM32L-DISCOVERY-EMPL\Obj\stm32l1xx_wwdg.o
#        C:\Users\Jerzy\Documents\Politechnika\Magisterka\workspace_eMPL\simplification_A\eMPL_simplification_A\Projects\eMD6\EWARM\STM32L-DISCOVERY-EMPL\Obj\stm32l_discovery_lcd.o
#        C:\Users\Jerzy\Documents\Politechnika\Magisterka\workspace_eMPL\simplification_A\eMPL_simplification_A\Projects\eMD6\EWARM\STM32L-DISCOVERY-EMPL\Obj\storage_manager.o
#        C:\Users\Jerzy\Documents\Politechnika\Magisterka\workspace_eMPL\simplification_A\eMPL_simplification_A\Projects\eMD6\EWARM\STM32L-DISCOVERY-EMPL\Obj\system_stm32l1xx.o
#        C:\Users\Jerzy\Documents\Politechnika\Magisterka\workspace_eMPL\simplification_A\eMPL_simplification_A\Projects\eMD6\EWARM\STM32L-DISCOVERY-EMPL\Obj\uart.o
#        --redirect _Printf=_PrintfFull --redirect _Scanf=_ScanfFull -o
#        C:\Users\Jerzy\Documents\Politechnika\Magisterka\workspace_eMPL\simplification_A\eMPL_simplification_A\Projects\eMD6\EWARM\STM32L-DISCOVERY-EMPL\Exe\STM32L152-EVAL.out
#        --map
#        C:\Users\Jerzy\Documents\Politechnika\Magisterka\workspace_eMPL\simplification_A\eMPL_simplification_A\Projects\eMD6\EWARM\STM32L-DISCOVERY-EMPL\List\STM32L152-EVAL.map
#        --config
#        C:\Users\Jerzy\Documents\Politechnika\Magisterka\workspace_eMPL\simplification_A\eMPL_simplification_A\Projects\eMD6\EWARM\stm32l1xx_flash.icf
#        --semihosting --entry __iar_program_start --vfe
#
###############################################################################

*******************************************************************************
*** RUNTIME MODEL ATTRIBUTES
***

CppFlavor                     = *
__Heap_Handler                = Basic
__SystemLibrary               = DLib
__dlib_dynamic_initialization = normal


*******************************************************************************
*** PLACEMENT SUMMARY
***

"A1":  place at 0x08000000 { ro section .intvec };
"P1":  place in [from 0x08000000 to 0x0801ffff] { ro };
"P2":  place in [from 0x20000000 to 0x20003fff] { rw, block CSTACK, block HEAP };

  Section             Kind        Address    Size  Object
  -------             ----        -------    ----  ------
"A1":                                        0xf4
  .intvec             ro code  0x08000000    0xf4  startup_stm32l1xx_md.o [1]
                             - 0x080000f4    0xf4

"P1":                                      0x4776
  .text               ro code  0x080000f4  0x1150  xprintffull.o [3]
  .text               ro code  0x08001244    0x20  xmbtowc.o [3]
  .text               ro code  0x08001264    0x16  strchr.o [5]
  .text               ro code  0x0800127a    0x22  zero_init3.o [5]
  .text               ro code  0x0800129c    0x36  strlen.o [5]
  .text               ro code  0x080012d2     0xa  xsprout.o [3]
  .text               ro code  0x080012dc    0x58  memchr.o [5]
  .text               ro code  0x08001334     0xa  xmbcurmax.o [3]
  .text               ro code  0x08001340    0xb0  xxmemxmalloc.o [3]
  .text               ro code  0x080013f0    0x1a  xwctomb.o [3]
  .text               ro code  0x0800140c    0x76  ABImemcpy_unaligned.o [5]
  .text               ro code  0x08001484    0x80  xxmemxfree.o [3]
  .text               ro code  0x08001504    0xee  I64DivMod.o [5]
  .text               ro code  0x080015f2    0x42  xdnorm.o [4]
  .text               ro code  0x08001634    0x2e  DblCmpLe.o [4]
  .text               ro code  0x08001664    0x2e  DblCmpGe.o [4]
  .text               ro code  0x08001694   0x10c  xdscale.o [4]
  .text               ro code  0x080017a0    0x58  DblToI32.o [4]
  .text               ro code  0x080017f8    0x30  I32ToDbl.o [4]
  .text               ro code  0x08001828   0x180  DblSub.o [4]
  .text               ro code  0x080019a8   0x1a2  DblMul.o [4]
  .text               ro code  0x08001b4c   0x246  DblDiv.o [4]
  .text               ro code  0x08001d94    0x6c  localeconv.o [3]
  .text               ro code  0x08001e00     0xe  div.o [3]
  .text               ro code  0x08001e10    0x14  setlocale.o [3]
  .text               ro code  0x08001e24    0x60  xencoding_sb.o [3]
  .text               ro code  0x08001e84    0x2c  xgetmemchunk.o [3]
  .text               ro code  0x08001eb0     0x2  I64DivZer.o [5]
  .text               ro code  0x08001eb4    0xd4  DblAdd.o [4]
  .text               ro code  0x08001f88     0x2  xtls.o [3]
  .text               ro code  0x08001f8c   0xf98  inv_mpu.o [1]
  .text               ro code  0x08002f24   0x6c2  i2c.o [1]
  .text               ro code  0x080035e8   0x180  main.o [1]
  .text               ro code  0x08003768    0x66  ABImemset.o [5]
  .text               ro code  0x080037ce    0xd2  log_stm32l.o [1]
  .text               ro code  0x080038a0   0x26c  stm32l1xx_rcc.o [1]
  .text               ro code  0x08003b0c   0x1ae  stm32l1xx_gpio.o [1]
  .text               ro code  0x08003cbc   0x252  stm32l1xx_i2c.o [1]
  .text               ro code  0x08003f10    0x3c  stm32l1xx_pwr.o [1]
  .text               ro code  0x08003f4c    0x8c  gpio.o [1]
  .text               ro code  0x08003fd8    0xcc  uart.o [1]
  .text               ro code  0x080040a4    0x2c  vsprintf.o [3]
  .text               ro code  0x080040d0    0x54  stm32l1xx_syscfg.o [1]
  .text               ro code  0x08004124    0xa4  stm32l1xx_exti.o [1]
  .text               ro code  0x080041c8    0x78  misc.o [1]
  .text               ro code  0x08004240   0x176  stm32l1xx_usart.o [1]
  .text               ro code  0x080043b8   0x140  system_stm32l1xx.o [1]
  .text               ro code  0x080044f8    0xd2  packbits_init.o [5]
  .text               ro code  0x080045ca     0x6  abort.o [3]
  .text               ro code  0x080045d0    0x14  exit.o [6]
  .rodata             const    0x080045e4    0x30  inv_mpu.o [1]
  .text               ro code  0x08004614    0x30  stm32l1xx_it.o [1]
  .rodata             const    0x08004644    0x2c  inv_mpu.o [1]
  .text               ro code  0x08004670    0x28  data_init.o [5]
  .iar.init_table     const    0x08004698    0x2c  - Linker created -
  .rodata             const    0x080046c4    0x1c  main.o [1]
  .text               ro code  0x080046e0    0x1a  cmain.o [5]
  .text               ro code  0x080046fa     0x4  low_level_init.o [3]
  .text               ro code  0x080046fe     0x4  exit.o [3]
  .text               ro code  0x08004704     0xa  cexit.o [5]
  .rodata             const    0x08004710    0x14  inv_mpu.o [1]
  .rodata             const    0x08004724    0x10  inv_mpu.o [1]
  .text               ro code  0x08004734    0x10  startup_stm32l1xx_md.o [1]
  .rodata             const    0x08004744     0xc  main.o [1]
  .text               ro code  0x08004750     0xc  cstartup_M.o [5]
  .text               ro code  0x0800475c     0x4  startup_stm32l1xx_md.o [1]
  .text               ro code  0x08004760     0x4  startup_stm32l1xx_md.o [1]
  .text               ro code  0x08004764     0x4  startup_stm32l1xx_md.o [1]
  .text               ro code  0x08004768     0x4  startup_stm32l1xx_md.o [1]
  .text               ro code  0x0800476c     0x4  startup_stm32l1xx_md.o [1]
  .text               ro code  0x08004770     0x4  startup_stm32l1xx_md.o [1]
  .text               ro code  0x08004774     0x4  startup_stm32l1xx_md.o [1]
  .text               ro code  0x08004778     0x4  startup_stm32l1xx_md.o [1]
  .text               ro code  0x0800477c     0x4  startup_stm32l1xx_md.o [1]
  .text               ro code  0x08004780     0x4  startup_stm32l1xx_md.o [1]
  .text               ro code  0x08004784     0x4  startup_stm32l1xx_md.o [1]
  .text               ro code  0x08004788     0x4  startup_stm32l1xx_md.o [1]
  .text               ro code  0x0800478c     0x4  startup_stm32l1xx_md.o [1]
  .text               ro code  0x08004790     0x4  startup_stm32l1xx_md.o [1]
  .text               ro code  0x08004794     0x4  startup_stm32l1xx_md.o [1]
  .text               ro code  0x08004798     0x4  startup_stm32l1xx_md.o [1]
  .text               ro code  0x0800479c     0x4  startup_stm32l1xx_md.o [1]
  .text               ro code  0x080047a0     0x4  startup_stm32l1xx_md.o [1]
  .text               ro code  0x080047a4     0x4  startup_stm32l1xx_md.o [1]
  .text               ro code  0x080047a8     0x4  startup_stm32l1xx_md.o [1]
  .text               ro code  0x080047ac     0x4  startup_stm32l1xx_md.o [1]
  .text               ro code  0x080047b0     0x4  startup_stm32l1xx_md.o [1]
  .text               ro code  0x080047b4     0x4  startup_stm32l1xx_md.o [1]
  .text               ro code  0x080047b8     0x4  startup_stm32l1xx_md.o [1]
  .text               ro code  0x080047bc     0x4  startup_stm32l1xx_md.o [1]
  .text               ro code  0x080047c0     0x4  startup_stm32l1xx_md.o [1]
  .text               ro code  0x080047c4     0x4  startup_stm32l1xx_md.o [1]
  .text               ro code  0x080047c8     0x4  startup_stm32l1xx_md.o [1]
  .text               ro code  0x080047cc     0x4  startup_stm32l1xx_md.o [1]
  .text               ro code  0x080047d0     0x4  startup_stm32l1xx_md.o [1]
  .text               ro code  0x080047d4     0x4  startup_stm32l1xx_md.o [1]
  .text               ro code  0x080047d8     0x4  startup_stm32l1xx_md.o [1]
  .text               ro code  0x080047dc     0x4  startup_stm32l1xx_md.o [1]
  .text               ro code  0x080047e0     0x4  startup_stm32l1xx_md.o [1]
  .text               ro code  0x080047e4     0x4  startup_stm32l1xx_md.o [1]
  .text               ro code  0x080047e8     0x4  startup_stm32l1xx_md.o [1]
  .text               ro code  0x080047ec     0x4  startup_stm32l1xx_md.o [1]
  .text               ro code  0x080047f0     0x4  startup_stm32l1xx_md.o [1]
  .text               ro code  0x080047f4     0x4  startup_stm32l1xx_md.o [1]
  .text               ro code  0x080047f8     0x4  startup_stm32l1xx_md.o [1]
  .text               ro code  0x080047fc     0x4  startup_stm32l1xx_md.o [1]
  .text               ro code  0x08004800     0x4  startup_stm32l1xx_md.o [1]
  .text               ro code  0x08004804     0x4  startup_stm32l1xx_md.o [1]
  .text               ro code  0x08004808     0x4  startup_stm32l1xx_md.o [1]
  .text               ro code  0x0800480c     0x4  startup_stm32l1xx_md.o [1]
  .text               ro code  0x08004810     0x4  startup_stm32l1xx_md.o [1]
  .text               ro code  0x08004814     0x4  startup_stm32l1xx_md.o [1]
  .text               ro code  0x08004818     0x4  startup_stm32l1xx_md.o [1]
  .text               ro code  0x0800481c     0x4  startup_stm32l1xx_md.o [1]
  .text               ro code  0x08004820     0x4  startup_stm32l1xx_md.o [1]
  .text               ro code  0x08004824     0x4  startup_stm32l1xx_md.o [1]
  .text               ro code  0x08004828     0x4  startup_stm32l1xx_md.o [1]
  .text               ro code  0x0800482c     0x4  startup_stm32l1xx_md.o [1]
  .text               ro code  0x08004830     0x4  startup_stm32l1xx_md.o [1]
  .rodata             const    0x08004834     0x0  zero_init3.o [5]
  .rodata             const    0x08004834     0x0  packbits_init.o [5]
  Initializer bytes   ro data  0x08004834    0x36  <for P2 s0>
                             - 0x0800486a  0x4776

"P2":                                       0x798
  P2 s0                        0x20000000   0x150  <Init block>
    __DLIB_PERTHREAD  inited   0x20000000    0x88  localeconv.o [3]
    __DLIB_PERTHREAD  inited   0x20000088    0x74  setlocale.o [3]
    .data             inited   0x200000fc    0x38  inv_mpu.o [1]
    .data             inited   0x20000134    0x10  stm32l1xx_rcc.o [1]
    .data             inited   0x20000144     0xc  stm32l1xx_rcc.o [1]
  .bss                zero     0x20000150    0x24  main.o [1]
  .bss                zero     0x20000174    0x10  main.o [1]
  .bss                zero     0x20000184     0x8  xxmemxmalloc.o [3]
  .bss                zero     0x2000018c     0x4  main.o [1]
  .bss                zero     0x20000190     0x4  main.o [1]
  .bss                zero     0x20000194     0x4  xgetmemchunk.o [3]
  CSTACK                       0x20000198   0x400  <Block>
    CSTACK            uninit   0x20000198   0x400  <Block tail>
  HEAP                         0x20000598   0x200  <Block>
    HEAP              uninit   0x20000598   0x200  <Block tail>
                             - 0x20000798   0x798


*******************************************************************************
*** INIT TABLE
***

          Address     Size
          -------     ----
Zero (__iar_zero_init3)
    1 destination range, total size 0x48:
          0x20000150   0x48

Copy/packbits (__iar_packbits_init3)
    1 source range, total size 0x36 (16% of destination):
          0x08004834   0x36
    1 destination range, total size 0x150:
          0x20000000  0x150



*******************************************************************************
*** MODULE SUMMARY
***

    Module                  ro code  ro data  rw data
    ------                  -------  -------  -------
C:\Users\Jerzy\Documents\Politechnika\Magisterka\workspace_eMPL\simplification_A\eMPL_simplification_A\Projects\eMD6\EWARM\STM32L-DISCOVERY-EMPL\Obj: [1]
    gpio.o                      140
    i2c.o                     1 730
    inv_mpu.o                 3 992      137       56
    log_stm32l.o                210
    main.o                      384       40       60
    misc.o                      120
    startup_stm32l1xx_md.o      476
    stm32l1xx_exti.o            164
    stm32l1xx_gpio.o            430
    stm32l1xx_i2c.o             594
    stm32l1xx_it.o               48
    stm32l1xx_pwr.o              60
    stm32l1xx_rcc.o             620        5       28
    stm32l1xx_syscfg.o           84
    stm32l1xx_usart.o           374
    system_stm32l1xx.o          320
    uart.o                      204
    -------------------------------------------------
    Total:                    9 950      182      144

command line: [2]
    -------------------------------------------------
    Total:

dl7M_tlf.a: [3]
    abort.o                       6
    div.o                        14
    exit.o                        4
    localeconv.o                108       21      136
    low_level_init.o              4
    setlocale.o                  20       19      116
    vsprintf.o                   44
    xencoding_sb.o               96
    xgetmemchunk.o               44                 4
    xmbcurmax.o                  10
    xmbtowc.o                    32
    xprintffull.o             4 432
    xsprout.o                    10
    xtls.o                        2
    xwctomb.o                    26
    xxmemxfree.o                128
    xxmemxmalloc.o              176                 8
    -------------------------------------------------
    Total:                    5 156       40      264

m7M_tl.a: [4]
    DblAdd.o                    212
    DblCmpGe.o                   46
    DblCmpLe.o                   46
    DblDiv.o                    582
    DblMul.o                    418
    DblSub.o                    384
    DblToI32.o                   88
    I32ToDbl.o                   48
    xdnorm.o                     66
    xdscale.o                   268
    -------------------------------------------------
    Total:                    2 158

rt7M_tl.a: [5]
    ABImemcpy_unaligned.o       118
    ABImemset.o                 102
    I64DivMod.o                 238
    I64DivZer.o                   2
    cexit.o                      10
    cmain.o                      26
    cstartup_M.o                 12
    data_init.o                  40
    memchr.o                     88
    packbits_init.o             210
    strchr.o                     22
    strlen.o                     54
    zero_init3.o                 34
    -------------------------------------------------
    Total:                      956

shb_l.a: [6]
    exit.o                       20
    -------------------------------------------------
    Total:                       20

    Gaps                         30        2
    Linker created                        44    1 536
-----------------------------------------------------
    Grand Total:             18 270      268    1 944


*******************************************************************************
*** ENTRY LIST
***

Entry                      Address   Size  Type      Object
-----                      -------   ----  ----      ------
?main                   0x080046e1         Code  Gb  cmain.o [5]
APBAHBPrescTable        0x20000134   0x10  Data  Lc  stm32l1xx_rcc.o [1]
BusFault_Handler        0x0800461b    0x2  Code  Gb  stm32l1xx_it.o [1]
CSTACK$$Base            0x20000198          --   Gb  - Linker created -
CSTACK$$Limit           0x20000598          --   Gb  - Linker created -
DMA1_Channel1_IRQHandler
                        0x08004631    0x2  Code  Gb  stm32l1xx_it.o [1]
DebugMon_Handler        0x08004621    0x2  Code  Gb  stm32l1xx_it.o [1]
Delay                   0x0800370b    0xe  Code  Gb  main.o [1]
EXTI0_IRQHandler        0x08004635    0x2  Code  Gb  stm32l1xx_it.o [1]
EXTI1_IRQHandler        0x08004637    0xe  Code  Gb  stm32l1xx_it.o [1]
EXTI_ClearITPendingBit  0x080041ad    0x6  Code  Gb  stm32l1xx_exti.o [1]
EXTI_Init               0x08004125   0x88  Code  Gb  stm32l1xx_exti.o [1]
GPIO_Config             0x08003f4d   0x84  Code  Gb  gpio.o [1]
GPIO_DeInit             0x08003b0d   0x94  Code  Gb  stm32l1xx_gpio.o [1]
GPIO_Init               0x08003bb9   0xa8  Code  Gb  stm32l1xx_gpio.o [1]
GPIO_PinAFConfig        0x08003c61   0x5a  Code  Gb  stm32l1xx_gpio.o [1]
HEAP$$Base              0x20000598          --   Gb  - Linker created -
HEAP$$Limit             0x20000798          --   Gb  - Linker created -
HardFault_Handler       0x08004617    0x2  Code  Gb  stm32l1xx_it.o [1]
I2C_AcknowledgeConfig   0x08003e49   0x1c  Code  Gb  stm32l1xx_i2c.o [1]
I2C_ClearFlag           0x08003f01    0xe  Code  Gb  stm32l1xx_i2c.o [1]
I2C_Cmd                 0x08003df5   0x1c  Code  Gb  stm32l1xx_i2c.o [1]
I2C_DeInit              0x08003cbd   0x36  Code  Gb  stm32l1xx_i2c.o [1]
I2C_GenerateSTART       0x08003e11   0x1c  Code  Gb  stm32l1xx_i2c.o [1]
I2C_GenerateSTOP        0x08003e2d   0x1c  Code  Gb  stm32l1xx_i2c.o [1]
I2C_GetFlagStatus       0x08003ebb   0x46  Code  Gb  stm32l1xx_i2c.o [1]
I2C_Init                0x08003cf3   0xf2  Code  Gb  stm32l1xx_i2c.o [1]
I2C_ReadRegister        0x08003ea1   0x1a  Code  Gb  stm32l1xx_i2c.o [1]
I2C_ReceiveData         0x08003e9b    0x6  Code  Gb  stm32l1xx_i2c.o [1]
I2C_Send7bitAddress     0x08003e7f   0x16  Code  Gb  stm32l1xx_i2c.o [1]
I2C_SendData            0x08003e95    0x6  Code  Gb  stm32l1xx_i2c.o [1]
I2C_SoftwareResetCmd    0x08003e65   0x1a  Code  Gb  stm32l1xx_i2c.o [1]
I2Cx_TIMEOUT_UserCallback
                        0x08002fd5   0x6e  Code  Lc  i2c.o [1]
I2cMaster_Init          0x08002f25   0xb0  Code  Gb  i2c.o [1]
InStream_Read           0x080044f9   0x22  Code  Lc  packbits_init.o [5]
Init_GPIOs              0x080036f3   0x18  Code  Gb  main.o [1]
LoadInt                 0x08000725   0x6e  Code  Lc  xprintffull.o [3]
MemManage_Handler       0x08004619    0x2  Code  Gb  stm32l1xx_it.o [1]
NMI_Handler             0x08004615    0x2  Code  Gb  stm32l1xx_it.o [1]
NVIC_Init               0x080041c9   0x68  Code  Gb  misc.o [1]
NVIC_SetPriority        0x080035e9   0x26  Code  Lc  main.o [1]
PLLMulTable             0x20000144    0xc  Data  Lc  stm32l1xx_rcc.o [1]
PWR_GetFlagStatus       0x08003f29   0x1a  Code  Gb  stm32l1xx_pwr.o [1]
PWR_VoltageScalingConfig
                        0x08003f11   0x18  Code  Gb  stm32l1xx_pwr.o [1]
PendSV_Handler          0x08004623    0x2  Code  Gb  stm32l1xx_it.o [1]
RCC_AHBPeriphClockCmd   0x080039f5   0x1e  Code  Gb  stm32l1xx_rcc.o [1]
RCC_AHBPeriphResetCmd   0x08003a4f   0x1e  Code  Gb  stm32l1xx_rcc.o [1]
RCC_APB1PeriphClockCmd  0x08003a31   0x1e  Code  Gb  stm32l1xx_rcc.o [1]
RCC_APB1PeriphResetCmd  0x08003a6d   0x1e  Code  Gb  stm32l1xx_rcc.o [1]
RCC_APB2PeriphClockCmd  0x08003a13   0x1e  Code  Gb  stm32l1xx_rcc.o [1]
RCC_Clocks              0x20000174   0x10  Data  Gb  main.o [1]
RCC_Configuration       0x080036ad   0x46  Code  Gb  main.o [1]
RCC_GetClocksFreq       0x080038eb  0x10a  Code  Gb  stm32l1xx_rcc.o [1]
RCC_GetFlagStatus       0x08003a8b   0x44  Code  Gb  stm32l1xx_rcc.o [1]
RCC_HSEConfig           0x080038a1   0x10  Code  Gb  stm32l1xx_rcc.o [1]
RCC_HSICmd              0x080038c9    0xa  Code  Gb  stm32l1xx_rcc.o [1]
RCC_MSIRangeConfig      0x080038b1   0x18  Code  Gb  stm32l1xx_rcc.o [1]
RCC_SYSCLKConfig        0x080038d3   0x18  Code  Gb  stm32l1xx_rcc.o [1]
RTC_WKUP_IRQHandler     0x08004633    0x2  Code  Gb  stm32l1xx_it.o [1]
Region$$Table$$Base     0x08004698          --   Gb  - Linker created -
Region$$Table$$Limit    0x080046c4          --   Gb  - Linker created -
SVC_Handler             0x0800461f    0x2  Code  Gb  stm32l1xx_it.o [1]
SYSCFG_EXTILineConfig   0x080040d1   0x50  Code  Gb  stm32l1xx_syscfg.o [1]
Sensors_I2C_ReadRegister
                        0x080031b9  0x36e  Code  Gb  i2c.o [1]
Sensors_I2C_ReadRegister_swap
                        0x0800358f   0x58  Code  Gb  i2c.o [1]
Sensors_I2C_WriteRegister
                        0x08003043  0x176  Code  Gb  i2c.o [1]
Sensors_I2C_WriteRegister_swap
                        0x08003549   0x46  Code  Gb  i2c.o [1]
SetSysClock             0x0800440b   0xc6  Code  Lc  system_stm32l1xx.o [1]
SysTick_Config          0x0800360f   0x30  Code  Lc  main.o [1]
SysTick_Handler         0x08004625    0xc  Code  Gb  stm32l1xx_it.o [1]
SystemInit              0x080043b9   0x52  Code  Gb  system_stm32l1xx.o [1]
TimeStamp_Increment     0x0800372d    0xc  Code  Gb  main.o [1]
TimingDelay             0x20000190    0x4  Data  Lc  main.o [1]
TimingDelay_Decrement   0x08003719   0x14  Code  Gb  main.o [1]
USART_Cmd               0x0800432d   0x1c  Code  Gb  stm32l1xx_usart.o [1]
USART_Config            0x08003fd9   0xa2  Code  Gb  uart.o [1]
USART_GetFlagStatus     0x0800439f   0x18  Code  Gb  stm32l1xx_usart.o [1]
USART_ITConfig          0x08004351   0x4e  Code  Gb  stm32l1xx_usart.o [1]
USART_Init              0x08004241   0xe4  Code  Gb  stm32l1xx_usart.o [1]
USART_SendData          0x08004349    0x8  Code  Gb  stm32l1xx_usart.o [1]
UsageFault_Handler      0x0800461d    0x2  Code  Gb  stm32l1xx_it.o [1]
_EncodingSb_Mbtowc      0x08001e3f   0x30  Code  Gb  xencoding_sb.o [3]
_EncodingSb_Wctomb      0x08001e25   0x1a  Code  Gb  xencoding_sb.o [3]
_GenldFull              0x08000faf  0x24c  Code  Lc  xprintffull.o [3]
_IsdstStr               0x2000008c    0x4  Data  Gb  setlocale.o [3]
_LdtobFull              0x08000bad  0x3fc  Code  Lc  xprintffull.o [3]
_LitobFull              0x08000aa5  0x106  Code  Lc  xprintffull.o [3]
_LocaleEncoding         0x08001e11    0xe  Code  Gb  setlocale.o [3]
_LocaleReturnString     0x200000ac   0x50  Data  Lc  setlocale.o [3]
_Locale_Profile         0x20000090   0x1c  Data  Gb  setlocale.o [3]
_Locale_aeabi_lconv     0x20000050   0x38  Data  Gb  localeconv.o [3]
_Locale_lconv           0x20000000   0x50  Data  Gb  localeconv.o [3]
_MLPrintLog             0x080037cf   0xd2  Code  Gb  log_stm32l.o [1]
_Mbtowc                 0x08001245   0x20  Code  Gb  xmbtowc.o [3]
_PrintfFull             0x080000f5  0x618  Code  Gb  xprintffull.o [3]
_PutcharsFull           0x080011fb   0x2e  Code  Lc  xprintffull.o [3]
_PutstrFull             0x08000793  0x30c  Code  Lc  xprintffull.o [3]
_SProut                 0x080012d3    0xa  Code  Gb  xsprout.o [3]
_TzoneStr               0x20000088    0x4  Data  Gb  setlocale.o [3]
_Wctomb                 0x080013f1   0x1a  Code  Gb  xwctomb.o [3]
__aeabi_cdcmple         0x08001635         Code  Gb  DblCmpLe.o [4]
__aeabi_cdrcmple        0x08001665         Code  Gb  DblCmpGe.o [4]
__aeabi_d2iz            0x080017a1         Code  Gb  DblToI32.o [4]
__aeabi_d2uiz           0x080017cd         Code  Gb  DblToI32.o [4]
__aeabi_ddiv            0x08001b4d         Code  Gb  DblDiv.o [4]
__aeabi_dmul            0x080019a9         Code  Gb  DblMul.o [4]
__aeabi_dsub            0x08001829         Code  Gb  DblSub.o [4]
__aeabi_i2d             0x080017f9         Code  Gb  I32ToDbl.o [4]
__aeabi_ldiv0           0x08001eb1         Code  Gb  I64DivZer.o [5]
__aeabi_memset          0x08003769         Code  Gb  ABImemset.o [5]
__aeabi_ui2d            0x0800180d         Code  Gb  I32ToDbl.o [4]
__aeabi_uldivmod        0x08001505         Code  Gb  I64DivMod.o [5]
__cmain                 0x080046e1         Code  Gb  cmain.o [5]
__data_Aldata           0x20000184    0x8  Data  Gb  xxmemxmalloc.o [3]
__data_GetMemChunk      0x08001e85   0x2c  Code  Gb  xgetmemchunk.o [3]
__exit                  0x080045d1   0x14  Code  Gb  exit.o [6]
__iar_Dnorm             0x080015f3   0x42  Code  Gb  xdnorm.o [4]
__iar_Dscale            0x08001695  0x10c  Code  Gb  xdscale.o [4]
__iar_Locale_lconv_init
                        0x08001d95   0x3a  Code  Gb  localeconv.o [3]
__iar_Mbcurmax          0x08001335    0xa  Code  Gb  xmbcurmax.o [3]
__iar_Memchr            0x080012dd         Code  Gb  memchr.o [5]
__iar_Memset            0x08003769         Code  Gb  ABImemset.o [5]
__iar_Memset_word       0x08003771         Code  Gb  ABImemset.o [5]
__iar_Strchr            0x08001265         Code  Gb  strchr.o [5]
__iar_d2uiz             0x080017d9         Code  Gb  DblToI32.o [4]
__iar_dadd              0x08001eb5         Code  Gb  DblAdd.o [4]
__iar_data_init3        0x08004671   0x28  Code  Gb  data_init.o [5]
__iar_dlib_perthread_access
                        0x08001f89    0x2  Code  Gb  xtls.o [3]
__iar_dsub              0x0800183d         Code  Gb  DblSub.o [4]
__iar_dsubStart         0x0800184f         Code  Gb  DblSub.o [4]
__iar_packbits_init3    0x0800451b   0xb0  Code  Gb  packbits_init.o [5]
__iar_program_start     0x08004751         Code  Gb  cstartup_M.o [5]
__iar_ui2d              0x08001811         Code  Gb  I32ToDbl.o [4]
__iar_unaligned___aeabi_memcpy
                        0x0800140d         Code  Gb  ABImemcpy_unaligned.o [5]
__iar_unaligned___aeabi_memcpy4
                        0x0800142d         Code  Gb  ABImemcpy_unaligned.o [5]
__iar_unaligned___aeabi_memcpy8
                        0x0800142d         Code  Gb  ABImemcpy_unaligned.o [5]
__iar_zero_init3        0x0800127b   0x22  Code  Gb  zero_init3.o [5]
__low_level_init        0x080046fb    0x4  Code  Gb  low_level_init.o [3]
__vector_table          0x08000000         Data  Gb  startup_stm32l1xx_md.o [1]
_call_main              0x080046ed         Code  Gb  cmain.o [5]
_exit                   0x08004705         Code  Gb  cexit.o [5]
_main                   0x080046f7         Code  Gb  cmain.o [5]
abort                   0x080045cb    0x6  Code  Gb  abort.o [3]
div                     0x08001e01    0xe  Code  Gb  div.o [3]
exit                    0x080046ff    0x4  Code  Gb  exit.o [3]
fputchar                0x0800407b   0x20  Code  Gb  uart.o [1]
free                    0x08001485   0x7a  Code  Gb  xxmemxfree.o [3]
gyro_data_ready_cb      0x0800363f    0x8  Code  Gb  main.o [1]
hal                     0x20000150   0x24  Data  Lc  main.o [1]
hal_timestamp           0x2000018c    0x4  Data  Gb  main.o [1]
hw                      0x08004724   0x10  Data  Gb  inv_mpu.o [1]
localeconv              0x08001dcf   0x16  Code  Gb  localeconv.o [3]
main                    0x08003647   0x32  Code  Gb  main.o [1]
malloc                  0x08001341   0xac  Code  Gb  xxmemxmalloc.o [3]
memchr                  0x080012dd         Code  Gb  memchr.o [5]
mpu_configure_fifo      0x08002845   0x94  Code  Gb  inv_mpu.o [1]
mpu_init                0x08002049  0x172  Code  Gb  inv_mpu.o [1]
mpu_lp_accel_mode       0x080021bb  0x150  Code  Gb  inv_mpu.o [1]
mpu_reset_fifo          0x0800230b  0x20e  Code  Gb  inv_mpu.o [1]
mpu_set_accel_fsr       0x080025b5   0x92  Code  Gb  inv_mpu.o [1]
mpu_set_bypass          0x08002a8f  0x170  Code  Gb  inv_mpu.o [1]
mpu_set_compass_sample_rate
                        0x080027d1   0x74  Code  Gb  inv_mpu.o [1]
mpu_set_gyro_fsr        0x08002519   0x98  Code  Gb  inv_mpu.o [1]
mpu_set_int_latched     0x08002c05   0x7c  Code  Gb  inv_mpu.o [1]
mpu_set_lpf             0x0800264d   0xa4  Code  Gb  inv_mpu.o [1]
mpu_set_sample_rate     0x080026f5   0xdc  Code  Gb  inv_mpu.o [1]
mpu_set_sensors         0x080028d9  0x1b6  Code  Gb  inv_mpu.o [1]
platform_init           0x08003679   0x34  Code  Gb  main.o [1]
reg                     0x08004644   0x2c  Data  Gb  inv_mpu.o [1]
set_int_enable          0x08001f8d   0xbc  Code  Lc  inv_mpu.o [1]
setup_compass           0x08002c85  0x298  Code  Lc  inv_mpu.o [1]
st                      0x200000fc   0x38  Data  Lc  inv_mpu.o [1]
strchr                  0x08001265         Code  Gb  strchr.o [5]
strlen                  0x0800129d         Code  Gb  strlen.o [5]
test                    0x080045e4   0x30  Data  Gb  inv_mpu.o [1]
vsprintf                0x080040a5   0x2c  Code  Gb  vsprintf.o [3]


[1] = C:\Users\Jerzy\Documents\Politechnika\Magisterka\workspace_eMPL\simplification_A\eMPL_simplification_A\Projects\eMD6\EWARM\STM32L-DISCOVERY-EMPL\Obj
[2] = command line
[3] = dl7M_tlf.a
[4] = m7M_tl.a
[5] = rt7M_tl.a
[6] = shb_l.a

  18 270 bytes of readonly  code memory
     268 bytes of readonly  data memory
   1 944 bytes of readwrite data memory

Errors: none
Warnings: none
